Copyright 1986-2020 Xilinx, Inc. All Rights Reserved.
--------------------------------------------------------------------------------------
| Tool Version : Vivado v.2020.2 (win64) Build 3064766 Wed Nov 18 09:12:45 MST 2020
| Date         : Thu Oct 26 15:00:40 2023
| Host         : ECE419-6V259R3 running 64-bit major release  (build 9200)
| Command      : report_control_sets -verbose -file lab04_top_control_sets_placed.rpt
| Design       : lab04_top
| Device       : xc7a100t
--------------------------------------------------------------------------------------

Control Set Information

Table of Contents
-----------------
1. Summary
2. Histogram
3. Flip-Flop Distribution
4. Detailed Control Set Information

1. Summary
----------

+----------------------------------------------------------+-------+
|                          Status                          | Count |
+----------------------------------------------------------+-------+
| Total control sets                                       |    20 |
|    Minimum number of control sets                        |    20 |
|    Addition due to synthesis replication                 |     0 |
|    Addition due to physical synthesis replication        |     0 |
| Unused register locations in slices containing registers |    67 |
+----------------------------------------------------------+-------+
* Control sets can be merged at opt_design using control_set_merge or merge_equivalent_drivers
** Run report_qor_suggestions for automated merging and remapping suggestions


2. Histogram
------------

+--------------------+-------+
|       Fanout       | Count |
+--------------------+-------+
| Total control sets |    20 |
| >= 0 to < 4        |     1 |
| >= 4 to < 6        |     7 |
| >= 6 to < 8        |     1 |
| >= 8 to < 10       |     4 |
| >= 10 to < 12      |     0 |
| >= 12 to < 14      |     1 |
| >= 14 to < 16      |     0 |
| >= 16              |     6 |
+--------------------+-------+
* Control sets can be remapped at either synth_design or opt_design


3. Flip-Flop Distribution
-------------------------

+--------------+-----------------------+------------------------+-----------------+--------------+
| Clock Enable | Synchronous Set/Reset | Asynchronous Set/Reset | Total Registers | Total Slices |
+--------------+-----------------------+------------------------+-----------------+--------------+
| No           | No                    | No                     |              24 |           15 |
| No           | No                    | Yes                    |               0 |            0 |
| No           | Yes                   | No                     |             123 |           34 |
| Yes          | No                    | No                     |              37 |           12 |
| Yes          | No                    | Yes                    |               0 |            0 |
| Yes          | Yes                   | No                     |              29 |            9 |
+--------------+-----------------------+------------------------+-----------------+--------------+


4. Detailed Control Set Information
-----------------------------------

+----------------+-------------------------------------------------------+---------------------------------------------------+------------------+----------------+--------------+
|  Clock Signal  |                     Enable Signal                     |                  Set/Reset Signal                 | Slice Load Count | Bel Load Count | Bels / Slice |
+----------------+-------------------------------------------------------+---------------------------------------------------+------------------+----------------+--------------+
|  clk_IBUF_BUFG | rst_IBUF                                              | TEMPTOP/U_TSCTL/Inst_TWICtl/int_Rst0              |                1 |              1 |         1.00 |
|  clk_IBUF_BUFG | TEMPTOP/U_TSCTL/Inst_TWICtl/FSM_gray_state[3]_i_1_n_0 |                                                   |                1 |              4 |         4.00 |
|  clk_IBUF_BUFG | DIG_CLOCK/M_ONES/m0Enb                                | DIG_CLOCK/M_TENS/q[3]_i_1__0_n_0                  |                1 |              4 |         4.00 |
|  clk_IBUF_BUFG | DIG_CLOCK/M_ONES/E[0]                                 |                                                   |                2 |              4 |         2.00 |
|  clk_IBUF_BUFG | DIG_CLOCK/S_ONES/s0Enb                                | DIG_CLOCK/S_TENS/q[3]_i_1__2_n_0                  |                1 |              4 |         4.00 |
|  clk_IBUF_BUFG | DIG_CLOCK/S_TENS/q[3]_i_4_0[0]                        | DIG_CLOCK/M_ONES/q[3]_i_1_n_0                     |                1 |              4 |         4.00 |
|  clk_IBUF_BUFG | DIG_CLOCK/ENB/E[0]                                    | DIG_CLOCK/S_ONES/q[3]_i_1__1_n_0                  |                1 |              4 |         4.00 |
|  clk_IBUF_BUFG | TEMPTOP/U_TSCTL/retryCnt[3]_i_2_n_0                   | TEMPTOP/U_TSCTL/retryCnt[3]_i_1_n_0               |                1 |              4 |         4.00 |
|  clk_IBUF_BUFG |                                                       | rst_IBUF                                          |                3 |              6 |         2.00 |
|  clk_IBUF_BUFG |                                                       | TEMPTOP/U_TSCTL/Inst_TWICtl/busFreeCnt[7]_i_1_n_0 |                2 |              8 |         4.00 |
|  clk_IBUF_BUFG | TEMPTOP/U_TSCTL/Inst_TWICtl/ERR_O_reg_0               |                                                   |                3 |              8 |         2.67 |
|  clk_IBUF_BUFG | TEMPTOP/U_TSCTL/Inst_TWICtl/dataByte[7]_i_1_n_0       |                                                   |                3 |              8 |         2.67 |
|  clk_IBUF_BUFG | TEMPTOP/U_TSCTL/Inst_TWICtl/sclCnt[7]_i_2_n_0         | TEMPTOP/U_TSCTL/Inst_TWICtl/sclCnt0_0             |                3 |              8 |         2.67 |
|  clk_IBUF_BUFG | TEMPTOP/U_TSCTL/Inst_TWICtl/E[0]                      |                                                   |                3 |             13 |         4.33 |
|  clk_IBUF_BUFG |                                                       | SEVENSEG_CTL/U_ENB/q[0]_i_1_n_0                   |                5 |             17 |         3.40 |
|  clk_IBUF_BUFG |                                                       | TEMPTOP/U_TSCTL/clear                             |                5 |             17 |         3.40 |
|  clk_IBUF_BUFG |                                                       | TEMPTOP/U_TSCTL/Inst_TWICtl/timeOutCnt0           |                5 |             20 |         4.00 |
|  clk_IBUF_BUFG |                                                       |                                                   |               15 |             24 |         1.60 |
|  clk_IBUF_BUFG |                                                       | DIG_CLOCK/ENB/q[0]_i_1__5_n_0                     |                7 |             27 |         3.86 |
|  clk_IBUF_BUFG |                                                       | ENB/q[0]_i_1__4_n_0                               |                7 |             28 |         4.00 |
+----------------+-------------------------------------------------------+---------------------------------------------------+------------------+----------------+--------------+


