#-----------------------------------------------------------
# Vivado v2020.2 (64-bit)
# SW Build 3064766 on Wed Nov 18 09:12:45 MST 2020
# IP Build 3064653 on Wed Nov 18 14:17:31 MST 2020
# Start of session at: Thu Nov 30 13:17:27 2023
# Process ID: 18664
# Current directory: C:/Users/choprak/ECE212_Chopra_Hill/Lab08/Lab08
# Command line: vivado.exe -gui_launcher_event rodinguilauncherevent12924 C:\Users\choprak\ECE212_Chopra_Hill\Lab08\Lab08\Lab08.xpr
# Log file: C:/Users/choprak/ECE212_Chopra_Hill/Lab08/Lab08/vivado.log
# Journal file: C:/Users/choprak/ECE212_Chopra_Hill/Lab08/Lab08\vivado.jou
#-----------------------------------------------------------
start_gui
open_project C:/Users/choprak/ECE212_Chopra_Hill/Lab08/Lab08/Lab08.xpr
update_compile_order -fileset sources_1
launch_simulation
source testbench.tcl
save_wave_config {C:/Users/choprak/ECE212_Chopra_Hill/Lab08/Lab08/testbench_behav.wcfg}
close_sim
launch_simulation
source testbench.tcl
close_sim
launch_simulation
source testbench.tcl
set_property SOURCE_SET sources_1 [get_filesets sim_1]
add_files -fileset sim_1 -norecurse C:/Users/choprak/ECE212_Chopra_Hill/Lab08/sv/test2.dat
close_sim
launch_simulation
source testbench.tcl
close_sim
